vendor=XLibre release=12501009 geometry=3840x1080 depth=24
READY: enter 'sample LABEL' after each monitor transition, then 'quit'
monitor=1920x1080+1920+0 marker_pixels=PASS
monitor=1920x1080+0+0 marker_pixels=PASS
seam=1888,88;1952,88 marker_pixels=PASS
phase=idle seconds=10.000067 updates=0 completions=0 damage_events=133
phase=active seconds=10.000065 updates=600 completions=0 damage_events=717
PASS sample=1 label=baseline monitors=2
monitor=1280x720+1920+0 marker_pixels=PASS
monitor=1920x1080+0+0 marker_pixels=PASS
seam=1888,88;1952,88 marker_pixels=PASS
phase=idle seconds=10.000088 updates=0 completions=0 damage_events=126
phase=active seconds=10.000072 updates=600 completions=0 damage_events=716
PASS sample=2 label=hdmi-1280x720 monitors=2
monitor=1920x1080+1920+0 marker_pixels=PASS
monitor=1920x1080+0+0 marker_pixels=PASS
seam=1888,88;1952,88 marker_pixels=PASS
phase=idle seconds=10.000384 updates=0 completions=0 damage_events=128
phase=active seconds=10.000074 updates=600 completions=0 damage_events=709
PASS sample=3 label=mode-restored monitors=2
monitor=1920x1080+0+1080 marker_pixels=PASS
monitor=1920x1080+0+0 marker_pixels=PASS
seam=84,1056;84,1104 marker_pixels=PASS
phase=idle seconds=10.000066 updates=0 completions=0 damage_events=139
phase=active seconds=10.000058 updates=600 completions=0 damage_events=719
PASS sample=4 label=vertical monitors=2
monitor=1920x1080+1920+0 marker_pixels=PASS
monitor=1920x1080+0+0 marker_pixels=PASS
seam=1888,88;1952,88 marker_pixels=PASS
phase=idle seconds=10.000060 updates=0 completions=0 damage_events=136
phase=active seconds=10.000075 updates=600 completions=0 damage_events=724
PASS sample=5 label=layout-restored monitors=2
monitor=1920x1080+0+0 marker_pixels=PASS
phase=idle seconds=10.000131 updates=0 completions=0 damage_events=137
phase=active seconds=10.000103 updates=600 completions=0 damage_events=724
PASS sample=6 label=dp-off monitors=1
monitor=1920x1080+1920+0 marker_pixels=PASS
monitor=1920x1080+0+0 marker_pixels=PASS
seam=1888,88;1952,88 marker_pixels=PASS
phase=idle seconds=10.000120 updates=0 completions=0 damage_events=136
phase=active seconds=10.000073 updates=600 completions=0 damage_events=720
PASS sample=7 label=dp-on monitors=2
monitor=1920x1080+1920+0 marker_pixels=PASS
monitor=1920x1080+0+0 marker_pixels=PASS
seam=1888,88;1952,88 marker_pixels=PASS
phase=idle seconds=10.000176 updates=0 completions=0 damage_events=140
phase=active seconds=10.000076 updates=600 completions=0 damage_events=722
PASS sample=8 label=hdmi-unplugged monitors=2
monitor=1920x1080+0+0 marker_pixels=PASS
phase=idle seconds=10.000089 updates=0 completions=0 damage_events=135
phase=active seconds=10.000066 updates=600 completions=0 damage_events=726
PASS sample=9 label=hdmi-auto monitors=1
monitor=1920x1080+0+0 marker_pixels=PASS
phase=idle seconds=10.000357 updates=0 completions=0 damage_events=132
phase=active seconds=10.000074 updates=600 completions=0 damage_events=723
PASS sample=10 label=hdmi-replugged monitors=1
monitor=1920x1080+1920+0 marker_pixels=PASS
monitor=1920x1080+0+0 marker_pixels=PASS
seam=1888,88;1952,88 marker_pixels=PASS
phase=idle seconds=10.000385 updates=0 completions=0 damage_events=141
phase=active seconds=10.000065 updates=600 completions=0 damage_events=727
PASS sample=11 label=hdmi-restored monitors=2
monitor=1920x1080+1920+0 marker_pixels=PASS
monitor=1920x1080+0+0 marker_pixels=PASS
seam=1888,88;1952,88 marker_pixels=PASS
phase=idle seconds=10.000360 updates=0 completions=0 damage_events=141
phase=active seconds=10.000074 updates=600 completions=0 damage_events=725
PASS sample=12 label=dp-unplugged monitors=2
monitor=1920x1080+0+0 marker_pixels=PASS
phase=idle seconds=10.000101 updates=0 completions=0 damage_events=139
phase=active seconds=10.000062 updates=600 completions=0 damage_events=720
PASS sample=13 label=dp-auto monitors=1
monitor=1920x1080+0+0 marker_pixels=PASS
phase=idle seconds=10.000355 updates=0 completions=0 damage_events=130
phase=active seconds=10.000068 updates=600 completions=0 damage_events=727
PASS sample=14 label=dp-replugged monitors=1
monitor=1920x1080+1920+0 marker_pixels=PASS
monitor=1920x1080+0+0 marker_pixels=PASS
seam=1888,88;1952,88 marker_pixels=PASS
phase=idle seconds=10.000076 updates=0 completions=0 damage_events=139
phase=active seconds=10.000073 updates=600 completions=0 damage_events=728
PASS sample=15 label=dp-restored monitors=2
