[2026-10-03 12:15:39]
XLibre X Server 1.25.1.9
X Protocol Version 11, Revision 0
[2026-10-03 12:15:39] Current Operating System: Linux agiliza-desktop 7.2.8-2-cachyos #1 SMP PREEMPT_DYNAMIC Thu, 01 Oct 2026 21:19:14 +0000 x86_64
[2026-10-03 12:15:39] Current version of pixman: 0.46.4
[2026-10-03 12:15:39] Markers: (--) probed, (**) from config file, (==) default setting,
	(++) from command line, (!!) notice, (II) informational,
	(WW) warning, (EE) error, (NI) not implemented, (??) unknown.
[2026-10-03 12:15:39] (==) Log file: "~/.local/share/xorg/Xorg.20.log", Time: Sat Oct  3 12:15:39 2026
[2026-10-03 12:15:39] (==) Using config directory: "/etc/X11/xorg.conf.d"
[2026-10-03 12:15:39] (==) Using system config directory "/usr/share/X11/xorg.conf.d"
[2026-10-03 12:15:39] (==) Automatically adding devices
[2026-10-03 12:15:39] (==) Automatically enabling devices
[2026-10-03 12:15:39] (==) Automatically adding GPU devices
[2026-10-03 12:15:39] (==) Automatically binding GPU devices
[2026-10-03 12:15:39] (==) Max clients allowed: 256, resource mask: 0x1fffff
[2026-10-03 12:15:39] (==) No Layout section.  Using the first Screen section.
[2026-10-03 12:15:39] (==) No screen section available. Using defaults.
[2026-10-03 12:15:39] (**) |-->Screen "Default Screen Section" (0)
[2026-10-03 12:15:39] (**) |   |-->Monitor "<default monitor>"
[2026-10-03 12:15:39] (==) No device specified for screen "Default Screen Section".
	Using the first device section listed.
[2026-10-03 12:15:39] (**) |   |-->Device "AMDGPU"
[2026-10-03 12:15:39] (==) No monitor specified for screen "Default Screen Section".
	Using a default monitor configuration.
[2026-10-03 12:15:39] (WW) The directory "/usr/share/fonts/misc" does not exist.
[2026-10-03 12:15:39] 	Entry deleted from font path.
[2026-10-03 12:15:39] (WW) The directory "/usr/share/fonts/Type1" does not exist.
[2026-10-03 12:15:39] 	Entry deleted from font path.
[2026-10-03 12:15:39] (WW) The directory "/usr/share/fonts/100dpi" does not exist.
[2026-10-03 12:15:39] 	Entry deleted from font path.
[2026-10-03 12:15:39] (WW) The directory "/usr/share/fonts/75dpi" does not exist.
[2026-10-03 12:15:39] 	Entry deleted from font path.
[2026-10-03 12:15:39] (==) FontPath set to:
	/usr/share/fonts/TTF,
	/usr/share/fonts/OTF
[2026-10-03 12:15:39] (==) ModulePath set to "/usr/lib/xorg/modules"
[2026-10-03 12:15:39] (II) The server relies on udev to provide the list of input devices.
	If no devices become available, reconfigure udev or disable AutoAddDevices.
[2026-10-03 12:15:39] (II) Module ABI versions:
[2026-10-03 12:15:39] 	X.Org ANSI C Emulation: 1.4
[2026-10-03 12:15:39] 	X.Org Video Driver: 28.1
[2026-10-03 12:15:39] 	X.Org XInput driver : 26.0
[2026-10-03 12:15:39] 	X.Org Server Extension : 11.0
[2026-10-03 12:15:39] (++) using VT number 3

[2026-10-03 12:15:39] (II) systemd-logind: took control of session /org/freedesktop/login1/session/_36
[2026-10-03 12:15:39] (II) xfree86: Adding drm device (/dev/dri/card1)
[2026-10-03 12:15:39] (II) Platform probe for /sys/devices/pci0000:00/0000:00:08.1/0000:08:00.0/drm/card1
[2026-10-03 12:15:39] (II) systemd-logind: got fd for /dev/dri/card1 226:1 fd 14 paused 0
[2026-10-03 12:15:39] (**) OutputClass "AMDgpu" ModulePath for driver amdgpu reset to default
[2026-10-03 12:15:39] (--) PCI:*(8@0:0:0) 1002:1638:1043:8809 rev 201, Mem @ 0xd0000000/268435456, 0xe0000000/2097152, 0xfcc00000/524288, I/O @ 0xe000/256
[2026-10-03 12:15:39] (II) LoadModule: "glx"
[2026-10-03 12:15:39] (II) Loading /usr/lib/xorg/modules/xlibre-25/extensions/libglx.so
[2026-10-03 12:15:39] (II) Module glx: vendor="X.Org Foundation"
[2026-10-03 12:15:39] 	compiled for 1.25.1.9, module version = 1.0.0
[2026-10-03 12:15:39] 	ABI class: X.Org Server Extension, version 11.0
[2026-10-03 12:15:39] (II) LoadModule: "modesetting"
[2026-10-03 12:15:39] (II) Loading /usr/lib/xorg/modules/xlibre-25/drivers/modesetting_drv.so
[2026-10-03 12:15:39] (II) Module modesetting: vendor="X.Org Foundation"
[2026-10-03 12:15:39] 	compiled for 1.25.1.9, module version = 1.25.1
[2026-10-03 12:15:39] 	Module class: X.Org Video Driver
[2026-10-03 12:15:39] 	ABI class: X.Org Video Driver, version 28.1
[2026-10-03 12:15:39] (II) modesetting: Driver for Modesetting Kernel Drivers: kms
[2026-10-03 12:15:39] (II)  Platform device "/dev/dri/card1" at 0@8:0:0 can be claimed.
[2026-10-03 12:15:39] (II) modeset(0): using drv /dev/dri/card1
[2026-10-03 12:15:39] (II)  Platform device "/dev/dri/card1" skipped because
[2026-10-03 12:15:39] (II)   PCI bus id 0@8:0:0 has already been claimed by "AMDGPU".
[2026-10-03 12:15:39] (WW) VGA arbiter: cannot open kernel arbiter, no multi-card support
[2026-10-03 12:15:39] (II) modeset(0): Creating default Display subsection in Screen section
	"Default Screen Section" for depth/fbbpp 24/32
[2026-10-03 12:15:39] (==) modeset(0): Depth 24, (==) framebuffer bpp 32
[2026-10-03 12:15:39] (II) Applying OutputClass "AMDgpu" options to /dev/dri/card1
[2026-10-03 12:15:39] (==) modeset(0): RGB weight 888
[2026-10-03 12:15:39] (==) modeset(0): Default visual is TrueColor
[2026-10-03 12:15:39] (II) Loading sub module "glamoregl"
[2026-10-03 12:15:39] (II) LoadModule: "glamoregl"
[2026-10-03 12:15:39] (II) Loading /usr/lib/xorg/modules/xlibre-25/libglamoregl.so
[2026-10-03 12:15:39] (II) Module glamoregl: vendor="X.Org Foundation"
[2026-10-03 12:15:39] 	compiled for 1.25.1.9, module version = 1.0.1
[2026-10-03 12:15:39] 	ABI class: X.Org ANSI C Emulation, version 1.4
[2026-10-03 12:15:39] (II) modeset(0): glamor: Using OpenGL 4.6 context.
[2026-10-03 12:15:39] (II) modeset(0): glamor X acceleration enabled on AMD Radeon Graphics (radeonsi, renoir, ACO, DRM 3.64, 7.2.8-2-cachyos)
[2026-10-03 12:15:39] (II) modeset(0): glamor initialized
[2026-10-03 12:15:39] (==) modeset(0): VariableRefresh: disabled
[2026-10-03 12:15:39] (==) modeset(0): AsyncFlipSecondaries: disabled
[2026-10-03 12:15:39] (II) modeset(0): Atomic modesetting disabled
[2026-10-03 12:15:39] (II) modeset(0): TearFree: enabled
[2026-10-03 12:15:39] (II) modeset(0): Output HDMI-1 using monitor section HDMI-1
[2026-10-03 12:15:39] (**) modeset(0): Option "PreferredMode" "1920x1080"
[2026-10-03 12:15:39] (**) modeset(0): Option "Position" "1920 0"
[2026-10-03 12:15:39] (**) modeset(0): Option "Primary" "true"
[2026-10-03 12:15:39] (II) modeset(0): Output DP-1 using monitor section DP-1
[2026-10-03 12:15:39] (**) modeset(0): Option "PreferredMode" "1920x1080"
[2026-10-03 12:15:39] (**) modeset(0): Option "Position" "0 0"
[2026-10-03 12:15:39] (II) modeset(0): EDID for output HDMI-1
[2026-10-03 12:15:39] (II) modeset(0): Manufacturer: SAM  Model: d20  Serial#: [redacted]
[2026-10-03 12:15:39] (II) modeset(0): Year: 2018  Week: 24
[2026-10-03 12:15:39] (II) modeset(0): EDID Version: 1.3
[2026-10-03 12:15:39] (II) modeset(0): Digital Display Input
[2026-10-03 12:15:39] (II) modeset(0): Max Image Size [cm]: horiz.: 52  vert.: 29
[2026-10-03 12:15:39] (II) modeset(0): Gamma: 2.20
[2026-10-03 12:15:39] (II) modeset(0): DPMS capabilities: Off
[2026-10-03 12:15:39] (II) modeset(0): Supported color encodings: RGB 4:4:4 YCrCb 4:4:4
[2026-10-03 12:15:39] (II) modeset(0): First detailed timing is preferred mode
[2026-10-03 12:15:39] (II) modeset(0): redX: 0.65 redY: 0.33   greenX: 0.32 greenY: 0.61
[2026-10-03 12:15:39] (II) modeset(0): blueX: 0.15 blueY: 0.07   whiteX: 0.31 whiteY: 0.33
[2026-10-03 12:15:39] (II) modeset(0): Supported established timings:
[2026-10-03 12:15:39] (II) modeset(0): 720x400@70Hz
[2026-10-03 12:15:39] (II) modeset(0): 640x480@60Hz
[2026-10-03 12:15:39] (II) modeset(0): 640x480@67Hz
[2026-10-03 12:15:39] (II) modeset(0): 640x480@72Hz
[2026-10-03 12:15:39] (II) modeset(0): 640x480@75Hz
[2026-10-03 12:15:39] (II) modeset(0): 800x600@56Hz
[2026-10-03 12:15:39] (II) modeset(0): 800x600@60Hz
[2026-10-03 12:15:39] (II) modeset(0): 800x600@72Hz
[2026-10-03 12:15:39] (II) modeset(0): 800x600@75Hz
[2026-10-03 12:15:39] (II) modeset(0): 832x624@75Hz
[2026-10-03 12:15:39] (II) modeset(0): 1024x768@60Hz
[2026-10-03 12:15:39] (II) modeset(0): 1024x768@70Hz
[2026-10-03 12:15:39] (II) modeset(0): 1024x768@75Hz
[2026-10-03 12:15:39] (II) modeset(0): 1280x1024@75Hz
[2026-10-03 12:15:39] (II) modeset(0): 1152x864@75Hz
[2026-10-03 12:15:39] (II) modeset(0): Manufacturer's mask: 0
[2026-10-03 12:15:39] (II) modeset(0): Supported standard timings:
[2026-10-03 12:15:39] (II) modeset(0): #0: hsize: 1152  vsize 864  refresh: 75  vid: 20337
[2026-10-03 12:15:39] (II) modeset(0): #1: hsize: 1280  vsize 720  refresh: 60  vid: 49281
[2026-10-03 12:15:39] (II) modeset(0): #2: hsize: 1280  vsize 800  refresh: 60  vid: 129
[2026-10-03 12:15:39] (II) modeset(0): #3: hsize: 1280  vsize 1024  refresh: 60  vid: 32897
[2026-10-03 12:15:39] (II) modeset(0): #4: hsize: 1440  vsize 900  refresh: 60  vid: 149
[2026-10-03 12:15:39] (II) modeset(0): #5: hsize: 1600  vsize 900  refresh: 60  vid: 49321
[2026-10-03 12:15:39] (II) modeset(0): #6: hsize: 1680  vsize 1050  refresh: 60  vid: 179
[2026-10-03 12:15:39] (II) modeset(0): Supported detailed timing:
[2026-10-03 12:15:39] (II) modeset(0): clock: 148.50 MHz   Image Size:  521 x 293 mm
[2026-10-03 12:15:39] (II) modeset(0): h_active: 1920  h_sync: 2008  h_sync_end 2052 h_blank_end 2200 h_border: 0
[2026-10-03 12:15:39] (II) modeset(0): v_active: 1080  v_sync: 1084  v_sync_end 1089 v_blanking: 1125 v_border: 0
[2026-10-03 12:15:39] (II) modeset(0): Ranges: V min: 50 V max: 75 Hz, H min: 30 H max: 81 kHz, PixClock max 175 MHz
[2026-10-03 12:15:39] (II) modeset(0): Monitor name: S24F350
[2026-10-03 12:15:39] (II) modeset(0): Serial No: [redacted]
[2026-10-03 12:15:39] (II) modeset(0): Supported detailed timing:
[2026-10-03 12:15:39] (II) modeset(0): clock: 74.25 MHz   Image Size:  521 x 293 mm
[2026-10-03 12:15:39] (II) modeset(0): h_active: 1280  h_sync: 1720  h_sync_end 1760 h_blank_end 1980 h_border: 0
[2026-10-03 12:15:39] (II) modeset(0): v_active: 720  v_sync: 725  v_sync_end 730 v_blanking: 750 v_border: 0
[2026-10-03 12:15:39] (II) modeset(0): Supported detailed timing:
[2026-10-03 12:15:39] (II) modeset(0): clock: 27.00 MHz   Image Size:  521 x 293 mm
[2026-10-03 12:15:39] (II) modeset(0): h_active: 720  h_sync: 732  h_sync_end 796 h_blank_end 864 h_border: 0
[2026-10-03 12:15:39] (II) modeset(0): v_active: 576  v_sync: 581  v_sync_end 586 v_blanking: 625 v_border: 0
[2026-10-03 12:15:39] (II) modeset(0): Supported detailed timing:
[2026-10-03 12:15:39] (II) modeset(0): clock: 27.00 MHz   Image Size:  521 x 293 mm
[2026-10-03 12:15:39] (II) modeset(0): h_active: 720  h_sync: 736  h_sync_end 798 h_blank_end 858 h_border: 0
[2026-10-03 12:15:39] (II) modeset(0): v_active: 480  v_sync: 489  v_sync_end 495 v_blanking: 525 v_border: 0
[2026-10-03 12:15:39] (II) modeset(0): Number of EDID sections to follow: 1
[2026-10-03 12:15:39] (II) modeset(0): EDID (in hex):
[2026-10-03 12:15:39] (II) modeset(0): Printing probed modes for output HDMI-1
[2026-10-03 12:15:39] (II) modeset(0): Modeline "1920x1080"x60.00  148.50  1920 2008 2052 2200  1080 1084 1089 1125 +hsync +vsync (67.50 kHz UeP)
[2026-10-03 12:15:39] (II) modeset(0): Modeline "1920x1080"x50.00  148.50  1920 2448 2492 2640  1080 1084 1089 1125 +hsync +vsync (56.25 kHz e)
[2026-10-03 12:15:39] (II) modeset(0): Modeline "1920x1080"x59.94  148.35  1920 2008 2052 2200  1080 1084 1089 1125 +hsync +vsync (67.43 kHz e)
[2026-10-03 12:15:39] (II) modeset(0): Modeline "1920x1080"x60.00  138.65  1920 1968 2000 2080  1080 1083 1088 1111 +hsync -vsync (66.66 kHz d)
[2026-10-03 12:15:39] (II) modeset(0): Modeline "1680x1050"x60.00  119.23  1680 1728 1760 1840  1050 1053 1059 1080 +hsync -vsync (64.80 kHz d)
[2026-10-03 12:15:39] (II) modeset(0): Modeline "1680x1050"x59.88  119.00  1680 1728 1760 1840  1050 1053 1059 1080 +hsync -vsync (64.67 kHz e)
[2026-10-03 12:15:39] (II) modeset(0): Modeline "1400x1050"x60.00  122.05  1400 1488 1640 1880  1050 1052 1064 1082 +hsync +vsync (64.92 kHz d)
[2026-10-03 12:15:39] (II) modeset(0): Modeline "1600x900"x60.00  108.00  1600 1624 1704 1800  900 901 904 1000 +hsync +vsync (60.00 kHz e)
[2026-10-03 12:15:39] (II) modeset(0): Modeline "1600x900"x60.00  97.79  1600 1648 1680 1760  900 903 908 926 +hsync -vsync (55.56 kHz d)
[2026-10-03 12:15:39] (II) modeset(0): Modeline "1280x1024"x75.02  135.00  1280 1296 1440 1688  1024 1025 1028 1066 +hsync +vsync (79.98 kHz e)
[2026-10-03 12:15:39] (II) modeset(0): Modeline "1280x1024"x60.02  108.00  1280 1328 1440 1688  1024 1025 1028 1066 +hsync +vsync (63.98 kHz e)
[2026-10-03 12:15:39] (II) modeset(0): Modeline "1280x1024"x60.00  107.96  1280 1328 1440 1688  1024 1025 1028 1066 +hsync +vsync (63.96 kHz d)
[2026-10-03 12:15:39] (II) modeset(0): Modeline "1440x900"x59.90  88.75  1440 1488 1520 1600  900 903 909 926 +hsync -vsync (55.47 kHz e)
[2026-10-03 12:15:39] (II) modeset(0): Modeline "1400x900"x60.00  86.67  1400 1448 1480 1560  900 903 913 926 +hsync -vsync (55.56 kHz d)
[2026-10-03 12:15:39] (II) modeset(0): Modeline "1280x960"x60.00  108.00  1280 1376 1488 1800  960 961 964 1000 +hsync +vsync (60.00 kHz d)
[2026-10-03 12:15:39] (II) modeset(0): Modeline "1440x810"x60.00  151.94  1440 1464 1480 1520  810 811 814 833 doublescan +hsync -vsync (99.96 kHz d)
[2026-10-03 12:15:39] (II) modeset(0): Modeline "1368x768"x60.00  72.43  1368 1416 1448 1528  768 771 781 790 +hsync -vsync (47.40 kHz d)
[2026-10-03 12:15:39] (II) modeset(0): Modeline "1280x800"x60.00  71.11  1280 1328 1360 1440  800 803 809 823 +hsync -vsync (49.38 kHz d)
[2026-10-03 12:15:39] (II) modeset(0): Modeline "1280x800"x59.91  71.00  1280 1328 1360 1440  800 803 809 823 +hsync -vsync (49.31 kHz e)
[2026-10-03 12:15:39] (II) modeset(0): Modeline "1152x864"x75.00  108.00  1152 1216 1344 1600  864 865 868 900 +hsync +vsync (67.50 kHz e)
[2026-10-03 12:15:39] (II) modeset(0): Modeline "1152x864"x60.00  86.40  1152 1216 1344 1600  864 865 868 900 +hsync +vsync (54.00 kHz d)
[2026-10-03 12:15:39] (II) modeset(0): Modeline "1280x720"x60.00  74.25  1280 1390 1430 1650  720 725 730 750 +hsync +vsync (45.00 kHz e)
[2026-10-03 12:15:39] (II) modeset(0): Modeline "1280x720"x50.00  74.25  1280 1720 1760 1980  720 725 730 750 +hsync +vsync (37.50 kHz e)
[2026-10-03 12:15:39] (II) modeset(0): Modeline "1280x720"x59.94  74.18  1280 1390 1430 1650  720 725 730 750 +hsync +vsync (44.96 kHz e)
[2026-10-03 12:15:39] (II) modeset(0): Modeline "1280x720"x60.00  64.02  1280 1328 1360 1440  720 723 728 741 +hsync -vsync (44.46 kHz d)
[2026-10-03 12:15:39] (II) modeset(0): Modeline "1024x768"x75.03  78.75  1024 1040 1136 1312  768 769 772 800 +hsync +vsync (60.02 kHz e)
[2026-10-03 12:15:39] (II) modeset(0): Modeline "1024x768"x70.07  75.00  1024 1048 1184 1328  768 771 777 806 -hsync -vsync (56.48 kHz e)
[2026-10-03 12:15:39] (II) modeset(0): Modeline "1024x768"x60.00  65.00  1024 1048 1184 1344  768 771 777 806 -hsync -vsync (48.36 kHz e)
[2026-10-03 12:15:39] (II) modeset(0): Modeline "1024x768"x60.00  64.00  1024 1048 1184 1344  768 771 777 806 -hsync -vsync (48.36 kHz d)
[2026-10-03 12:15:39] (II) modeset(0): Modeline "960x720"x60.00  117.00  960 1024 1128 1300  720 720 722 750 doublescan -hsync +vsync (90.00 kHz d)
[2026-10-03 12:15:39] (II) modeset(0): Modeline "928x696"x60.00  109.06  928 976 1088 1264  696 696 698 719 doublescan -hsync +vsync (86.28 kHz d)
[2026-10-03 12:15:39] (II) modeset(0): Modeline "896x672"x60.00  102.38  896 960 1060 1224  672 672 674 697 doublescan -hsync +vsync (83.64 kHz d)
[2026-10-03 12:15:39] (II) modeset(0): Modeline "1024x576"x60.00  42.13  1024 1072 1104 1184  576 579 584 593 +hsync -vsync (35.58 kHz d)
[2026-10-03 12:15:39] (II) modeset(0): Modeline "960x600"x60.00  77.00  960 984 1000 1040  600 601 604 617 doublescan +hsync -vsync (74.04 kHz d)
[2026-10-03 12:15:39] (II) modeset(0): Modeline "832x624"x74.55  57.28  832 864 928 1152  624 625 628 667 -hsync -vsync (49.73 kHz e)
[2026-10-03 12:15:39] (II) modeset(0): Modeline "832x624"x60.00  46.10  832 864 928 1152  624 625 628 667 -hsync -vsync (40.02 kHz d)
[2026-10-03 12:15:39] (II) modeset(0): Modeline "960x540"x60.00  37.36  960 1008 1040 1120  540 543 548 556 +hsync -vsync (33.36 kHz d)
[2026-10-03 12:15:39] (II) modeset(0): Modeline "800x600"x72.19  50.00  800 856 976 1040  600 637 643 666 +hsync +vsync (48.08 kHz e)
[2026-10-03 12:15:39] (II) modeset(0): Modeline "800x600"x75.00  49.50  800 816 896 1056  600 601 604 625 +hsync +vsync (46.88 kHz e)
[2026-10-03 12:15:39] (II) modeset(0): Modeline "800x600"x60.32  40.00  800 840 968 1056  600 601 605 628 +hsync +vsync (37.88 kHz e)
[2026-10-03 12:15:39] (II) modeset(0): Modeline "800x600"x60.00  38.40  800 824 896 1024  600 601 603 625 +hsync +vsync (37.50 kHz d)
[2026-10-03 12:15:39] (II) modeset(0): Modeline "800x600"x56.25  36.00  800 824 896 1024  600 601 603 625 +hsync +vsync (35.16 kHz e)
[2026-10-03 12:15:39] (II) modeset(0): Modeline "840x525"x60.00  59.62  840 864 880 920  525 526 529 540 doublescan +hsync -vsync (64.80 kHz d)
[2026-10-03 12:15:39] (II) modeset(0): Modeline "864x486"x60.00  30.72  864 912 944 1024  486 489 494 500 +hsync -vsync (30.00 kHz d)
[2026-10-03 12:15:39] (II) modeset(0): Modeline "720x576"x50.00  27.00  720 732 796 864  576 581 586 625 -hsync -vsync (31.25 kHz e)
[2026-10-03 12:15:39] (II) modeset(0): Modeline "700x525"x60.00  61.02  700 744 820 940  525 526 532 541 doublescan +hsync +vsync (64.92 kHz d)
[2026-10-03 12:15:39] (II) modeset(0): Modeline "800x450"x60.00  48.89  800 824 840 880  450 451 454 463 doublescan +hsync -vsync (55.56 kHz d)
[2026-10-03 12:15:39] (II) modeset(0): Modeline "720x480"x60.00  27.03  720 736 798 858  480 489 495 525 -hsync -vsync (31.50 kHz e)
[2026-10-03 12:15:39] (II) modeset(0): Modeline "720x480"x59.94  27.00  720 736 798 858  480 489 495 525 -hsync -vsync (31.47 kHz e)
[2026-10-03 12:15:39] (II) modeset(0): Modeline "640x512"x60.00  53.98  640 664 720 844  512 512 514 533 doublescan +hsync +vsync (63.96 kHz d)
[2026-10-03 12:15:39] (II) modeset(0): Modeline "700x450"x60.00  43.34  700 724 740 780  450 451 456 463 doublescan +hsync -vsync (55.56 kHz d)
[2026-10-03 12:15:39] (II) modeset(0): Modeline "640x480"x75.00  31.50  640 656 720 840  480 481 484 500 -hsync -vsync (37.50 kHz e)
[2026-10-03 12:15:39] (II) modeset(0): Modeline "640x480"x72.81  31.50  640 664 704 832  480 489 492 520 -hsync -vsync (37.86 kHz e)
[2026-10-03 12:15:39] (II) modeset(0): Modeline "640x480"x66.67  30.24  640 704 768 864  480 483 486 525 -hsync -vsync (35.00 kHz e)
[2026-10-03 12:15:39] (II) modeset(0): Modeline "640x480"x60.00  25.20  640 656 752 800  480 490 492 525 -hsync -vsync (31.50 kHz e)
[2026-10-03 12:15:39] (II) modeset(0): Modeline "640x480"x59.94  25.18  640 656 752 800  480 490 492 525 -hsync -vsync (31.47 kHz e)
[2026-10-03 12:15:39] (II) modeset(0): Modeline "720x405"x60.00  22.12  720 768 800 880  405 408 413 419 +hsync -vsync (25.14 kHz d)
[2026-10-03 12:15:39] (II) modeset(0): Modeline "720x400"x70.08  28.32  720 738 846 900  400 412 414 449 -hsync +vsync (31.47 kHz e)
[2026-10-03 12:15:39] (II) modeset(0): Modeline "684x384"x60.00  36.21  684 708 724 764  384 385 390 395 doublescan +hsync -vsync (47.40 kHz d)
[2026-10-03 12:15:39] (II) modeset(0): Modeline "576x432"x60.00  43.20  576 608 672 800  432 432 434 450 doublescan +hsync +vsync (54.00 kHz d)
[2026-10-03 12:15:39] (II) modeset(0): Modeline "640x360"x60.00  17.95  640 688 720 800  360 363 368 374 +hsync -vsync (22.44 kHz d)
[2026-10-03 12:15:39] (II) modeset(0): Modeline "512x384"x60.00  32.50  512 524 592 672  384 385 388 403 doublescan -hsync -vsync (48.36 kHz d)
[2026-10-03 12:15:39] (II) modeset(0): Modeline "512x288"x60.00  21.03  512 536 552 592  288 289 292 296 doublescan +hsync -vsync (35.52 kHz d)
[2026-10-03 12:15:39] (II) modeset(0): Modeline "416x312"x60.00  23.02  416 432 464 576  312 312 314 333 doublescan -hsync -vsync (39.96 kHz d)
[2026-10-03 12:15:39] (II) modeset(0): Modeline "480x270"x60.00  18.68  480 504 520 560  270 271 274 278 doublescan +hsync -vsync (33.36 kHz d)
[2026-10-03 12:15:39] (II) modeset(0): Modeline "400x300"x60.00  19.17  400 412 448 512  300 300 301 312 doublescan +hsync +vsync (37.44 kHz d)
[2026-10-03 12:15:39] (II) modeset(0): Modeline "432x243"x60.00  15.36  432 456 472 512  243 244 247 250 doublescan +hsync -vsync (30.00 kHz d)
[2026-10-03 12:15:39] (II) modeset(0): Modeline "320x240"x60.00  12.58  320 328 376 400  240 245 246 262 doublescan -hsync -vsync (31.44 kHz d)
[2026-10-03 12:15:39] (II) modeset(0): Modeline "360x202"x60.00  11.04  360 384 400 440  202 204 206 209 doublescan +hsync -vsync (25.08 kHz d)
[2026-10-03 12:15:39] (II) modeset(0): Modeline "320x180"x60.00  8.98  320 344 360 400  180 181 184 187 doublescan +hsync -vsync (22.44 kHz d)
[2026-10-03 12:15:39] (II) modeset(0): EDID for output DP-1
[2026-10-03 12:15:39] (II) modeset(0): Manufacturer: TXD  Model: 0  Serial#: [redacted]
[2026-10-03 12:15:39] (II) modeset(0): Year: 2048  Week: 0
[2026-10-03 12:15:39] (II) modeset(0): EDID Version: 1.4
[2026-10-03 12:15:39] (II) modeset(0): Digital Display Input
[2026-10-03 12:15:39] (II) modeset(0): 8 bits per channel
[2026-10-03 12:15:39] (II) modeset(0): Digital interface is DisplayPort
[2026-10-03 12:15:39] (II) modeset(0): Max Image Size [cm]: horiz.: 48  vert.: 27
[2026-10-03 12:15:39] (II) modeset(0): Gamma: 2.20
[2026-10-03 12:15:39] (II) modeset(0): DPMS capabilities: StandBy Suspend Off
[2026-10-03 12:15:39] (II) modeset(0): Supported color encodings: RGB 4:4:4
[2026-10-03 12:15:39] (II) modeset(0): First detailed timing is preferred mode
[2026-10-03 12:15:39] (II) modeset(0): Preferred mode is native pixel format and refresh rate
[2026-10-03 12:15:39] (II) modeset(0): redX: 0.65 redY: 0.34   greenX: 0.32 greenY: 0.61
[2026-10-03 12:15:39] (II) modeset(0): blueX: 0.15 blueY: 0.07   whiteX: 0.31 whiteY: 0.33
[2026-10-03 12:15:39] (II) modeset(0): Supported established timings:
[2026-10-03 12:15:39] (II) modeset(0): 720x400@70Hz
[2026-10-03 12:15:39] (II) modeset(0): 640x480@60Hz
[2026-10-03 12:15:39] (II) modeset(0): 640x480@75Hz
[2026-10-03 12:15:39] (II) modeset(0): 800x600@56Hz
[2026-10-03 12:15:39] (II) modeset(0): 800x600@60Hz
[2026-10-03 12:15:39] (II) modeset(0): 800x600@75Hz
[2026-10-03 12:15:39] (II) modeset(0): 832x624@75Hz
[2026-10-03 12:15:39] (II) modeset(0): 1024x768@60Hz
[2026-10-03 12:15:39] (II) modeset(0): 1024x768@70Hz
[2026-10-03 12:15:39] (II) modeset(0): 1024x768@75Hz
[2026-10-03 12:15:39] (II) modeset(0): 1280x1024@75Hz
[2026-10-03 12:15:39] (II) modeset(0): Manufacturer's mask: 0
[2026-10-03 12:15:39] (II) modeset(0): Supported standard timings:
[2026-10-03 12:15:39] (II) modeset(0): #0: hsize: 1280  vsize 800  refresh: 60  vid: 129
[2026-10-03 12:15:39] (II) modeset(0): #1: hsize: 1280  vsize 960  refresh: 60  vid: 16513
[2026-10-03 12:15:39] (II) modeset(0): #2: hsize: 1280  vsize 1024  refresh: 60  vid: 32897
[2026-10-03 12:15:39] (II) modeset(0): #3: hsize: 1440  vsize 900  refresh: 60  vid: 149
[2026-10-03 12:15:39] (II) modeset(0): #4: hsize: 1680  vsize 1050  refresh: 60  vid: 179
[2026-10-03 12:15:39] (II) modeset(0): #6: hsize: 1600  vsize 1200  refresh: 60  vid: 16553
[2026-10-03 12:15:39] (II) modeset(0): Supported detailed timing:
[2026-10-03 12:15:39] (II) modeset(0): clock: 148.50 MHz   Image Size:  0 x 0 mm
[2026-10-03 12:15:39] (II) modeset(0): h_active: 1920  h_sync: 2008  h_sync_end 2052 h_blank_end 2200 h_border: 0
[2026-10-03 12:15:39] (II) modeset(0): v_active: 1080  v_sync: 1084  v_sync_end 1089 v_blanking: 1125 v_border: 0
[2026-10-03 12:15:39] (II) modeset(0): Supported detailed timing:
[2026-10-03 12:15:39] (II) modeset(0): clock: 85.75 MHz   Image Size:  0 x 0 mm
[2026-10-03 12:15:39] (II) modeset(0): h_active: 1366  h_sync: 1436  h_sync_end 1579 h_blank_end 1792 h_border: 0
[2026-10-03 12:15:39] (II) modeset(0): v_active: 768  v_sync: 771  v_sync_end 774 v_blanking: 798 v_border: 0
[2026-10-03 12:15:39] (II) modeset(0): Ranges: V min: 50 V max: 76 Hz, H min: 30 H max: 83 kHz, PixClock max 155 MHz
[2026-10-03 12:15:39] (II) modeset(0): Monitor name: VGA
[2026-10-03 12:15:39] (II) modeset(0): EDID (in hex):
[2026-10-03 12:15:39] (II) modeset(0): Not using mode "1600x1200" (bad mode clock/interlace/doublescan)
[2026-10-03 12:15:39] (II) modeset(0): Not using default mode "1600x1200" (bad mode clock/interlace/doublescan)
[2026-10-03 12:15:39] (II) modeset(0): Printing probed modes for output DP-1
[2026-10-03 12:15:39] (II) modeset(0): Modeline "1920x1080"x60.00  148.50  1920 2008 2052 2200  1080 1084 1089 1125 +hsync +vsync (67.50 kHz UeP)
[2026-10-03 12:15:39] (II) modeset(0): Modeline "1920x1200"x60.00  154.13  1920 1968 2000 2080  1200 1203 1209 1235 +hsync -vsync (74.10 kHz d)
[2026-10-03 12:15:39] (II) modeset(0): Modeline "1920x1080"x60.00  138.65  1920 1968 2000 2080  1080 1083 1088 1111 +hsync -vsync (66.66 kHz d)
[2026-10-03 12:15:39] (II) modeset(0): Modeline "1680x1050"x59.95  146.25  1680 1784 1960 2240  1050 1053 1059 1089 -hsync +vsync (65.29 kHz e)
[2026-10-03 12:15:39] (II) modeset(0): Modeline "1680x1050"x60.00  119.23  1680 1728 1760 1840  1050 1053 1059 1080 +hsync -vsync (64.80 kHz d)
[2026-10-03 12:15:39] (II) modeset(0): Modeline "1400x1050"x60.00  122.05  1400 1488 1640 1880  1050 1052 1064 1082 +hsync +vsync (64.92 kHz d)
[2026-10-03 12:15:39] (II) modeset(0): Modeline "1600x900"x60.00  97.79  1600 1648 1680 1760  900 903 908 926 +hsync -vsync (55.56 kHz d)
[2026-10-03 12:15:39] (II) modeset(0): Modeline "1280x1024"x75.02  135.00  1280 1296 1440 1688  1024 1025 1028 1066 +hsync +vsync (79.98 kHz e)
[2026-10-03 12:15:39] (II) modeset(0): Modeline "1280x1024"x60.02  108.00  1280 1328 1440 1688  1024 1025 1028 1066 +hsync +vsync (63.98 kHz e)
[2026-10-03 12:15:39] (II) modeset(0): Modeline "1280x1024"x60.00  107.96  1280 1328 1440 1688  1024 1025 1028 1066 +hsync +vsync (63.96 kHz d)
[2026-10-03 12:15:39] (II) modeset(0): Modeline "1440x900"x59.89  106.50  1440 1520 1672 1904  900 903 909 934 -hsync +vsync (55.93 kHz e)
[2026-10-03 12:15:39] (II) modeset(0): Modeline "1400x900"x60.00  86.67  1400 1448 1480 1560  900 903 913 926 +hsync -vsync (55.56 kHz d)
[2026-10-03 12:15:39] (II) modeset(0): Modeline "1280x960"x60.00  108.00  1280 1376 1488 1800  960 961 964 1000 +hsync +vsync (60.00 kHz e)
[2026-10-03 12:15:39] (II) modeset(0): Modeline "1440x810"x60.00  151.94  1440 1464 1480 1520  810 811 814 833 doublescan +hsync -vsync (99.96 kHz d)
[2026-10-03 12:15:39] (II) modeset(0): Modeline "1368x768"x60.00  72.43  1368 1416 1448 1528  768 771 781 790 +hsync -vsync (47.40 kHz d)
[2026-10-03 12:15:39] (II) modeset(0): Modeline "1366x768"x59.96  85.75  1366 1436 1579 1792  768 771 774 798 +hsync +vsync (47.85 kHz e)
[2026-10-03 12:15:39] (II) modeset(0): Modeline "1280x800"x59.81  83.50  1280 1352 1480 1680  800 803 809 831 -hsync +vsync (49.70 kHz e)
[2026-10-03 12:15:39] (II) modeset(0): Modeline "1280x800"x60.00  71.11  1280 1328 1360 1440  800 803 809 823 +hsync -vsync (49.38 kHz d)
[2026-10-03 12:15:39] (II) modeset(0): Modeline "1152x864"x60.00  86.40  1152 1216 1344 1600  864 865 868 900 +hsync +vsync (54.00 kHz d)
[2026-10-03 12:15:39] (II) modeset(0): Modeline "1280x720"x60.00  64.02  1280 1328 1360 1440  720 723 728 741 +hsync -vsync (44.46 kHz d)
[2026-10-03 12:15:39] (II) modeset(0): Modeline "1024x768"x75.03  78.75  1024 1040 1136 1312  768 769 772 800 +hsync +vsync (60.02 kHz e)
[2026-10-03 12:15:39] (II) modeset(0): Modeline "1024x768"x70.07  75.00  1024 1048 1184 1328  768 771 777 806 -hsync -vsync (56.48 kHz e)
[2026-10-03 12:15:39] (II) modeset(0): Modeline "1024x768"x60.00  65.00  1024 1048 1184 1344  768 771 777 806 -hsync -vsync (48.36 kHz e)
[2026-10-03 12:15:39] (II) modeset(0): Modeline "1024x768"x60.00  64.00  1024 1048 1184 1344  768 771 777 806 -hsync -vsync (48.36 kHz d)
[2026-10-03 12:15:39] (II) modeset(0): Modeline "960x720"x60.00  117.00  960 1024 1128 1300  720 720 722 750 doublescan -hsync +vsync (90.00 kHz d)
[2026-10-03 12:15:39] (II) modeset(0): Modeline "928x696"x60.00  109.06  928 976 1088 1264  696 696 698 719 doublescan -hsync +vsync (86.28 kHz d)
[2026-10-03 12:15:39] (II) modeset(0): Modeline "896x672"x60.00  102.38  896 960 1060 1224  672 672 674 697 doublescan -hsync +vsync (83.64 kHz d)
[2026-10-03 12:15:39] (II) modeset(0): Modeline "1024x576"x60.00  42.13  1024 1072 1104 1184  576 579 584 593 +hsync -vsync (35.58 kHz d)
[2026-10-03 12:15:39] (II) modeset(0): Modeline "960x600"x60.00  77.00  960 984 1000 1040  600 601 604 617 doublescan +hsync -vsync (74.04 kHz d)
[2026-10-03 12:15:39] (II) modeset(0): Modeline "832x624"x74.55  57.28  832 864 928 1152  624 625 628 667 -hsync -vsync (49.73 kHz e)
[2026-10-03 12:15:39] (II) modeset(0): Modeline "832x624"x60.00  46.10  832 864 928 1152  624 625 628 667 -hsync -vsync (40.02 kHz d)
[2026-10-03 12:15:39] (II) modeset(0): Modeline "960x540"x60.00  37.36  960 1008 1040 1120  540 543 548 556 +hsync -vsync (33.36 kHz d)
[2026-10-03 12:15:39] (II) modeset(0): Modeline "800x600"x75.00  49.50  800 816 896 1056  600 601 604 625 +hsync +vsync (46.88 kHz e)
[2026-10-03 12:15:39] (II) modeset(0): Modeline "800x600"x60.32  40.00  800 840 968 1056  600 601 605 628 +hsync +vsync (37.88 kHz e)
[2026-10-03 12:15:39] (II) modeset(0): Modeline "800x600"x60.00  38.40  800 824 896 1024  600 601 603 625 +hsync +vsync (37.50 kHz d)
[2026-10-03 12:15:39] (II) modeset(0): Modeline "800x600"x56.25  36.00  800 824 896 1024  600 601 603 625 +hsync +vsync (35.16 kHz e)
[2026-10-03 12:15:39] (II) modeset(0): Modeline "840x525"x60.00  59.62  840 864 880 920  525 526 529 540 doublescan +hsync -vsync (64.80 kHz d)
[2026-10-03 12:15:39] (II) modeset(0): Modeline "864x486"x60.00  30.72  864 912 944 1024  486 489 494 500 +hsync -vsync (30.00 kHz d)
[2026-10-03 12:15:39] (II) modeset(0): Modeline "700x525"x60.00  61.02  700 744 820 940  525 526 532 541 doublescan +hsync +vsync (64.92 kHz d)
[2026-10-03 12:15:39] (II) modeset(0): Modeline "800x450"x60.00  48.89  800 824 840 880  450 451 454 463 doublescan +hsync -vsync (55.56 kHz d)
[2026-10-03 12:15:39] (II) modeset(0): Modeline "640x512"x60.00  53.98  640 664 720 844  512 512 514 533 doublescan +hsync +vsync (63.96 kHz d)
[2026-10-03 12:15:39] (II) modeset(0): Modeline "700x450"x60.00  43.34  700 724 740 780  450 451 456 463 doublescan +hsync -vsync (55.56 kHz d)
[2026-10-03 12:15:39] (II) modeset(0): Modeline "640x480"x75.00  31.50  640 656 720 840  480 481 484 500 -hsync -vsync (37.50 kHz e)
[2026-10-03 12:15:39] (II) modeset(0): Modeline "640x480"x60.00  25.20  640 656 752 800  480 490 492 525 -hsync -vsync (31.50 kHz d)
[2026-10-03 12:15:39] (II) modeset(0): Modeline "640x480"x59.94  25.18  640 656 752 800  480 490 492 525 -hsync -vsync (31.47 kHz e)
[2026-10-03 12:15:39] (II) modeset(0): Modeline "720x405"x60.00  22.12  720 768 800 880  405 408 413 419 +hsync -vsync (25.14 kHz d)
[2026-10-03 12:15:39] (II) modeset(0): Modeline "720x400"x70.08  28.32  720 738 846 900  400 412 414 449 -hsync +vsync (31.47 kHz e)
[2026-10-03 12:15:39] (II) modeset(0): Modeline "684x384"x60.00  36.21  684 708 724 764  384 385 390 395 doublescan +hsync -vsync (47.40 kHz d)
[2026-10-03 12:15:39] (II) modeset(0): Modeline "576x432"x60.00  43.20  576 608 672 800  432 432 434 450 doublescan +hsync +vsync (54.00 kHz d)
[2026-10-03 12:15:39] (II) modeset(0): Modeline "640x360"x60.00  17.95  640 688 720 800  360 363 368 374 +hsync -vsync (22.44 kHz d)
[2026-10-03 12:15:39] (II) modeset(0): Modeline "512x384"x60.00  32.50  512 524 592 672  384 385 388 403 doublescan -hsync -vsync (48.36 kHz d)
[2026-10-03 12:15:39] (II) modeset(0): Modeline "512x288"x60.00  21.03  512 536 552 592  288 289 292 296 doublescan +hsync -vsync (35.52 kHz d)
[2026-10-03 12:15:39] (II) modeset(0): Modeline "416x312"x60.00  23.02  416 432 464 576  312 312 314 333 doublescan -hsync -vsync (39.96 kHz d)
[2026-10-03 12:15:39] (II) modeset(0): Modeline "480x270"x60.00  18.68  480 504 520 560  270 271 274 278 doublescan +hsync -vsync (33.36 kHz d)
[2026-10-03 12:15:39] (II) modeset(0): Modeline "400x300"x60.00  19.17  400 412 448 512  300 300 301 312 doublescan +hsync +vsync (37.44 kHz d)
[2026-10-03 12:15:39] (II) modeset(0): Modeline "432x243"x60.00  15.36  432 456 472 512  243 244 247 250 doublescan +hsync -vsync (30.00 kHz d)
[2026-10-03 12:15:39] (II) modeset(0): Modeline "320x240"x60.00  12.58  320 328 376 400  240 245 246 262 doublescan -hsync -vsync (31.44 kHz d)
[2026-10-03 12:15:39] (II) modeset(0): Modeline "360x202"x60.00  11.04  360 384 400 440  202 204 206 209 doublescan +hsync -vsync (25.08 kHz d)
[2026-10-03 12:15:39] (II) modeset(0): Modeline "320x180"x60.00  8.98  320 344 360 400  180 181 184 187 doublescan +hsync -vsync (22.44 kHz d)
[2026-10-03 12:15:39] (II) modeset(0): Output HDMI-1 connected
[2026-10-03 12:15:39] (II) modeset(0): Output DP-1 connected
[2026-10-03 12:15:39] (II) modeset(0): Using user preference for initial modes
[2026-10-03 12:15:39] (II) modeset(0): Output HDMI-1 using initial mode 1920x1080 +0+0
[2026-10-03 12:15:39] (II) modeset(0): Output DP-1 using initial mode 1920x1080 +0+0
[2026-10-03 12:15:39] (==) modeset(0): Using gamma correction (1.00, 1.00, 1.00)
[2026-10-03 12:15:39] (==) modeset(0): DPI set to (96, 96)
[2026-10-03 12:15:39] (II) Loading sub module "fb"
[2026-10-03 12:15:39] (II) LoadModule: "fb"
[2026-10-03 12:15:39] (II) Module "fb" already built-in
[2026-10-03 12:15:39] (==) modeset(0): Backing store enabled
[2026-10-03 12:15:39] (==) modeset(0): Silken mouse enabled
[2026-10-03 12:15:39] (II) modeset(0): Initializing kms color map for depth 24, 8 bpc.
[2026-10-03 12:15:39] (==) modeset(0): DPMS enabled
[2026-10-03 12:15:39] (WW) modeset(0): Option "HotplugDriver" is not used
[2026-10-03 12:15:39] (WW) modeset(0): Option "Monitor-HDMI-A-1" is not used
[2026-10-03 12:15:39] (II) modeset(0): [DRI2] Setup complete
[2026-10-03 12:15:39] (II) modeset(0): [DRI2]   DRI driver: radeonsi
[2026-10-03 12:15:39] (II) modeset(0): [DRI2]   VDPAU driver: radeonsi
[2026-10-03 12:15:39] (II) modeset(0): Async flip capable
[2026-10-03 12:15:39] (II) Output(s) initialized
[2026-10-03 12:15:39] (II) Initializing extension Generic Event Extension
[2026-10-03 12:15:39] (II) Initializing extension SHAPE
[2026-10-03 12:15:39] (II) Initializing extension MIT-SHM
[2026-10-03 12:15:39] (II) Initializing extension XInputExtension
[2026-10-03 12:15:39] (II) Initializing extension XTEST
[2026-10-03 12:15:39] (II) Initializing extension BIG-REQUESTS
[2026-10-03 12:15:39] (II) Initializing extension SYNC
[2026-10-03 12:15:39] (II) Initializing extension XKEYBOARD
[2026-10-03 12:15:39] (II) Initializing extension XC-MISC
[2026-10-03 12:15:39] (II) Initializing extension SECURITY
[2026-10-03 12:15:39] (II) Initializing extension XFIXES
[2026-10-03 12:15:39] (II) Initializing extension RENDER
[2026-10-03 12:15:39] (II) Initializing extension RANDR
[2026-10-03 12:15:39] (II) Initializing extension COMPOSITE
[2026-10-03 12:15:39] (II) Initializing extension DAMAGE
[2026-10-03 12:15:39] (II) Initializing extension MIT-SCREEN-SAVER
[2026-10-03 12:15:39] (II) Initializing extension DOUBLE-BUFFER
[2026-10-03 12:15:39] (II) Initializing extension RECORD
[2026-10-03 12:15:39] (II) Initializing extension DPMS
[2026-10-03 12:15:39] (II) Initializing extension Present
[2026-10-03 12:15:39] (II) Initializing extension DRI3
[2026-10-03 12:15:39] (II) Initializing extension X-Resource
[2026-10-03 12:15:39] (II) Initializing extension XVideo
[2026-10-03 12:15:39] (II) Initializing extension XVideo-MotionCompensation
[2026-10-03 12:15:39] (II) Initializing extension GLX
[2026-10-03 12:15:39] (II) AIGLX: Loaded and initialized radeonsi
[2026-10-03 12:15:39] (II) GLX: Initialized DRI2 GL provider for screen 0
[2026-10-03 12:15:39] (II) Initializing extension XFree86-VidModeExtension
[2026-10-03 12:15:39] (II) Initializing extension XFree86-DGA
[2026-10-03 12:15:39] (II) Initializing extension XFree86-DRI
[2026-10-03 12:15:39] (II) Initializing extension DRI2
[2026-10-03 12:15:39] (II) Extensions initialized
[2026-10-03 12:15:39] (II) modeset(0): Damage tracking initialized
[2026-10-03 12:15:39] (II) modeset(0): Setting screen physical size to 1016 x 285
[2026-10-03 12:15:39] (II) Screen(s) initialized
[2026-10-03 12:15:39] (II) config/udev: Adding input device Evision USB DEVICE (/dev/input/event6)
[2026-10-03 12:15:39] (**) Evision USB DEVICE: Applying InputClass "libinput keyboard catchall"
[2026-10-03 12:15:39] (**) Evision USB DEVICE: Applying InputClass "system-keyboard"
[2026-10-03 12:15:39] (II) LoadModule: "libinput"
[2026-10-03 12:15:39] (II) Loading /usr/lib/xorg/modules/xlibre-25/input/libinput_drv.so
[2026-10-03 12:15:39] (II) Module libinput: vendor="X.Org Foundation"
[2026-10-03 12:15:39] 	compiled for 1.25.1.9, module version = 25.0.1
[2026-10-03 12:15:39] 	Module class: X.Org XInput Driver
[2026-10-03 12:15:39] 	ABI class: X.Org XInput driver, version 26.0
[2026-10-03 12:15:39] (II) Using input driver 'libinput' for 'Evision USB DEVICE'
[2026-10-03 12:15:39] (II) systemd-logind: got fd for /dev/input/event6 13:70 fd 25 paused 0
[2026-10-03 12:15:39] (**) Evision USB DEVICE: always reports core events
[2026-10-03 12:15:39] (**) Option "Device" "/dev/input/event6"
[2026-10-03 12:15:39] (II) event6  - Evision USB DEVICE: is tagged by udev as: Keyboard
[2026-10-03 12:15:39] (II) event6  - Evision USB DEVICE: device is a keyboard
[2026-10-03 12:15:39] (II) event6  - Evision USB DEVICE: device removed
[2026-10-03 12:15:39] (**) Option "config_info" "udev:/sys/devices/pci0000:00/0000:00:02.1/0000:01:00.0/usb1/1-4/1-4:1.0/0003:320F:5055.0004/input/input6/event6"
[2026-10-03 12:15:39] (II) XINPUT: Adding extended input device "Evision USB DEVICE" (type: KEYBOARD, id 6)
[2026-10-03 12:15:39] (**) Option "xkb_layout" "us"
[2026-10-03 12:15:39] (**) Option "xkb_variant" "altgr-intl"
[2026-10-03 12:15:39] (II) event6  - Evision USB DEVICE: is tagged by udev as: Keyboard
[2026-10-03 12:15:39] (II) event6  - Evision USB DEVICE: device is a keyboard
[2026-10-03 12:15:39] (II) config/udev: Adding input device Evision USB DEVICE Keyboard (/dev/input/event7)
[2026-10-03 12:15:39] (**) Evision USB DEVICE Keyboard: Applying InputClass "libinput keyboard catchall"
[2026-10-03 12:15:39] (**) Evision USB DEVICE Keyboard: Applying InputClass "system-keyboard"
[2026-10-03 12:15:39] (II) Using input driver 'libinput' for 'Evision USB DEVICE Keyboard'
[2026-10-03 12:15:39] (II) systemd-logind: got fd for /dev/input/event7 13:71 fd 28 paused 0
[2026-10-03 12:15:39] (**) Evision USB DEVICE Keyboard: always reports core events
[2026-10-03 12:15:39] (**) Option "Device" "/dev/input/event7"
[2026-10-03 12:15:39] (II) event7  - Evision USB DEVICE Keyboard: is tagged by udev as: Keyboard
[2026-10-03 12:15:39] (II) event7  - Evision USB DEVICE Keyboard: device is a keyboard
[2026-10-03 12:15:39] (II) event7  - Evision USB DEVICE Keyboard: device removed
[2026-10-03 12:15:39] (II) libinput: Evision USB DEVICE Keyboard: needs a virtual subdevice
[2026-10-03 12:15:39] (**) Option "config_info" "udev:/sys/devices/pci0000:00/0000:00:02.1/0000:01:00.0/usb1/1-4/1-4:1.1/0003:320F:5055.0005/input/input7/event7"
[2026-10-03 12:15:39] (II) XINPUT: Adding extended input device "Evision USB DEVICE Keyboard" (type: MOUSE, id 7)
[2026-10-03 12:15:39] (**) Option "AccelerationScheme" "none"
[2026-10-03 12:15:39] (**) Evision USB DEVICE Keyboard: (accel) selected scheme none/0
[2026-10-03 12:15:39] (**) Evision USB DEVICE Keyboard: (accel) acceleration factor: 2.00
[2026-10-03 12:15:39] (**) Evision USB DEVICE Keyboard: (accel) acceleration threshold: 4
[2026-10-03 12:15:39] (II) event7  - Evision USB DEVICE Keyboard: is tagged by udev as: Keyboard
[2026-10-03 12:15:39] (II) event7  - Evision USB DEVICE Keyboard: device is a keyboard
[2026-10-03 12:15:39] (II) config/udev: Adding input device Evision USB DEVICE (/dev/input/event8)
[2026-10-03 12:15:39] (II) No input driver specified, ignoring this device.
[2026-10-03 12:15:39] (II) This device may have been added with another device file.
[2026-10-03 12:15:39] (II) config/udev: Adding input device Evision USB DEVICE Mouse (/dev/input/event9)
[2026-10-03 12:15:39] (**) Evision USB DEVICE Mouse: Applying InputClass "libinput pointer catchall"
[2026-10-03 12:15:39] (II) Using input driver 'libinput' for 'Evision USB DEVICE Mouse'
[2026-10-03 12:15:39] (II) systemd-logind: got fd for /dev/input/event9 13:73 fd 29 paused 0
[2026-10-03 12:15:39] (**) Evision USB DEVICE Mouse: always reports core events
[2026-10-03 12:15:39] (**) Option "Device" "/dev/input/event9"
[2026-10-03 12:15:39] (II) event9  - Evision USB DEVICE Mouse: is tagged by udev as: Mouse
[2026-10-03 12:15:39] (II) event9  - Evision USB DEVICE Mouse: device is a pointer
[2026-10-03 12:15:39] (II) event9  - Evision USB DEVICE Mouse: device removed
[2026-10-03 12:15:39] (II) libinput: Evision USB DEVICE Mouse: Step value 0 was provided, libinput Fallback acceleration function is used.
[2026-10-03 12:15:39] (II) libinput: Evision USB DEVICE Mouse: Step value 0 was provided, libinput Fallback acceleration function is used.
[2026-10-03 12:15:39] (II) libinput: Evision USB DEVICE Mouse: Step value 0 was provided, libinput Fallback acceleration function is used.
[2026-10-03 12:15:39] (**) Option "config_info" "udev:/sys/devices/pci0000:00/0000:00:02.1/0000:01:00.0/usb1/1-4/1-4:1.1/0003:320F:5055.0005/input/input9/event9"
[2026-10-03 12:15:39] (II) XINPUT: Adding extended input device "Evision USB DEVICE Mouse" (type: MOUSE, id 8)
[2026-10-03 12:15:39] (**) Option "AccelerationScheme" "none"
[2026-10-03 12:15:39] (**) Evision USB DEVICE Mouse: (accel) selected scheme none/0
[2026-10-03 12:15:39] (**) Evision USB DEVICE Mouse: (accel) acceleration factor: 2.00
[2026-10-03 12:15:39] (**) Evision USB DEVICE Mouse: (accel) acceleration threshold: 4
[2026-10-03 12:15:39] (II) event9  - Evision USB DEVICE Mouse: is tagged by udev as: Mouse
[2026-10-03 12:15:39] (II) event9  - Evision USB DEVICE Mouse: device is a pointer
[2026-10-03 12:15:39] (II) config/udev: Adding input device Evision USB DEVICE Mouse (/dev/input/mouse1)
[2026-10-03 12:15:39] (II) No input driver specified, ignoring this device.
[2026-10-03 12:15:39] (II) This device may have been added with another device file.
[2026-10-03 12:15:39] (II) config/udev: Adding input device HD-Audio Generic HDMI/DP,pcm=3 (/dev/input/event12)
[2026-10-03 12:15:39] (II) No input driver specified, ignoring this device.
[2026-10-03 12:15:39] (II) This device may have been added with another device file.
[2026-10-03 12:15:39] (II) config/udev: Adding input device Razer Razer DeathAdder Essential (/dev/input/event2)
[2026-10-03 12:15:39] (**) Razer Razer DeathAdder Essential: Applying InputClass "libinput pointer catchall"
[2026-10-03 12:15:39] (II) Using input driver 'libinput' for 'Razer Razer DeathAdder Essential'
[2026-10-03 12:15:39] (II) systemd-logind: got fd for /dev/input/event2 13:66 fd 30 paused 0
[2026-10-03 12:15:39] (**) Razer Razer DeathAdder Essential: always reports core events
[2026-10-03 12:15:39] (**) Option "Device" "/dev/input/event2"
[2026-10-03 12:15:39] (II) event2  - Razer Razer DeathAdder Essential: is tagged by udev as: Mouse
[2026-10-03 12:15:39] (II) event2  - Razer Razer DeathAdder Essential: device is a pointer
[2026-10-03 12:15:39] (II) event2  - Razer Razer DeathAdder Essential: device removed
[2026-10-03 12:15:39] (II) libinput: Razer Razer DeathAdder Essential: Step value 0 was provided, libinput Fallback acceleration function is used.
[2026-10-03 12:15:39] (II) libinput: Razer Razer DeathAdder Essential: Step value 0 was provided, libinput Fallback acceleration function is used.
[2026-10-03 12:15:39] (II) libinput: Razer Razer DeathAdder Essential: Step value 0 was provided, libinput Fallback acceleration function is used.
[2026-10-03 12:15:39] (**) Option "config_info" "udev:/sys/devices/pci0000:00/0000:00:08.1/0000:08:00.3/usb3/3-1/3-1:1.0/0003:1532:0098.0001/input/input2/event2"
[2026-10-03 12:15:39] (II) XINPUT: Adding extended input device "Razer Razer DeathAdder Essential" (type: MOUSE, id 9)
[2026-10-03 12:15:39] (**) Option "AccelerationScheme" "none"
[2026-10-03 12:15:39] (**) Razer Razer DeathAdder Essential: (accel) selected scheme none/0
[2026-10-03 12:15:39] (**) Razer Razer DeathAdder Essential: (accel) acceleration factor: 2.00
[2026-10-03 12:15:39] (**) Razer Razer DeathAdder Essential: (accel) acceleration threshold: 4
[2026-10-03 12:15:39] (II) event2  - Razer Razer DeathAdder Essential: is tagged by udev as: Mouse
[2026-10-03 12:15:39] (II) event2  - Razer Razer DeathAdder Essential: device is a pointer
[2026-10-03 12:15:39] (II) config/udev: Adding input device Razer Razer DeathAdder Essential (/dev/input/mouse0)
[2026-10-03 12:15:39] (II) No input driver specified, ignoring this device.
[2026-10-03 12:15:39] (II) This device may have been added with another device file.
[2026-10-03 12:15:39] (II) config/udev: Adding input device Razer Razer DeathAdder Essential Keyboard (/dev/input/event3)
[2026-10-03 12:15:39] (**) Razer Razer DeathAdder Essential Keyboard: Applying InputClass "libinput keyboard catchall"
[2026-10-03 12:15:39] (**) Razer Razer DeathAdder Essential Keyboard: Applying InputClass "system-keyboard"
[2026-10-03 12:15:39] (II) Using input driver 'libinput' for 'Razer Razer DeathAdder Essential Keyboard'
[2026-10-03 12:15:39] (II) systemd-logind: got fd for /dev/input/event3 13:67 fd 31 paused 0
[2026-10-03 12:15:39] (**) Razer Razer DeathAdder Essential Keyboard: always reports core events
[2026-10-03 12:15:39] (**) Option "Device" "/dev/input/event3"
[2026-10-03 12:15:39] (II) event3  - Razer Razer DeathAdder Essential Keyboard: is tagged by udev as: Keyboard
[2026-10-03 12:15:39] (II) event3  - Razer Razer DeathAdder Essential Keyboard: device is a keyboard
[2026-10-03 12:15:39] (II) event3  - Razer Razer DeathAdder Essential Keyboard: device removed
[2026-10-03 12:15:39] (II) libinput: Razer Razer DeathAdder Essential Keyboard: needs a virtual subdevice
[2026-10-03 12:15:39] (**) Option "config_info" "udev:/sys/devices/pci0000:00/0000:00:08.1/0000:08:00.3/usb3/3-1/3-1:1.1/0003:1532:0098.0002/input/input3/event3"
[2026-10-03 12:15:39] (II) XINPUT: Adding extended input device "Razer Razer DeathAdder Essential Keyboard" (type: MOUSE, id 10)
[2026-10-03 12:15:39] (**) Option "AccelerationScheme" "none"
[2026-10-03 12:15:39] (**) Razer Razer DeathAdder Essential Keyboard: (accel) selected scheme none/0
[2026-10-03 12:15:39] (**) Razer Razer DeathAdder Essential Keyboard: (accel) acceleration factor: 2.00
[2026-10-03 12:15:39] (**) Razer Razer DeathAdder Essential Keyboard: (accel) acceleration threshold: 4
[2026-10-03 12:15:39] (II) event3  - Razer Razer DeathAdder Essential Keyboard: is tagged by udev as: Keyboard
[2026-10-03 12:15:39] (II) event3  - Razer Razer DeathAdder Essential Keyboard: device is a keyboard
[2026-10-03 12:15:39] (II) config/udev: Adding input device Razer Razer DeathAdder Essential (/dev/input/event4)
[2026-10-03 12:15:39] (II) No input driver specified, ignoring this device.
[2026-10-03 12:15:39] (II) This device may have been added with another device file.
[2026-10-03 12:15:39] (II) config/udev: Adding input device Razer Razer DeathAdder Essential (/dev/input/event5)
[2026-10-03 12:15:39] (**) Razer Razer DeathAdder Essential: Applying InputClass "libinput keyboard catchall"
[2026-10-03 12:15:39] (**) Razer Razer DeathAdder Essential: Applying InputClass "system-keyboard"
[2026-10-03 12:15:39] (II) Using input driver 'libinput' for 'Razer Razer DeathAdder Essential'
[2026-10-03 12:15:39] (II) systemd-logind: got fd for /dev/input/event5 13:69 fd 32 paused 0
[2026-10-03 12:15:39] (**) Razer Razer DeathAdder Essential: always reports core events
[2026-10-03 12:15:39] (**) Option "Device" "/dev/input/event5"
[2026-10-03 12:15:39] (II) event5  - Razer Razer DeathAdder Essential: is tagged by udev as: Keyboard
[2026-10-03 12:15:39] (II) event5  - Razer Razer DeathAdder Essential: device is a keyboard
[2026-10-03 12:15:39] (II) event5  - Razer Razer DeathAdder Essential: device removed
[2026-10-03 12:15:39] (**) Option "config_info" "udev:/sys/devices/pci0000:00/0000:00:08.1/0000:08:00.3/usb3/3-1/3-1:1.2/0003:1532:0098.0003/input/input5/event5"
[2026-10-03 12:15:39] (II) XINPUT: Adding extended input device "Razer Razer DeathAdder Essential" (type: KEYBOARD, id 11)
[2026-10-03 12:15:39] (**) Option "xkb_layout" "us"
[2026-10-03 12:15:39] (**) Option "xkb_variant" "altgr-intl"
[2026-10-03 12:15:39] (II) event5  - Razer Razer DeathAdder Essential: is tagged by udev as: Keyboard
[2026-10-03 12:15:39] (II) event5  - Razer Razer DeathAdder Essential: device is a keyboard
[2026-10-03 12:15:39] (II) config/udev: Adding input device HD-Audio Generic Rear Mic (/dev/input/event13)
[2026-10-03 12:15:39] (II) No input driver specified, ignoring this device.
[2026-10-03 12:15:39] (II) This device may have been added with another device file.
[2026-10-03 12:15:39] (II) config/udev: Adding input device HD-Audio Generic Front Mic (/dev/input/event14)
[2026-10-03 12:15:39] (II) No input driver specified, ignoring this device.
[2026-10-03 12:15:39] (II) This device may have been added with another device file.
[2026-10-03 12:15:39] (II) config/udev: Adding input device HD-Audio Generic Line (/dev/input/event15)
[2026-10-03 12:15:39] (II) No input driver specified, ignoring this device.
[2026-10-03 12:15:39] (II) This device may have been added with another device file.
[2026-10-03 12:15:39] (II) config/udev: Adding input device HD-Audio Generic Line Out (/dev/input/event16)
[2026-10-03 12:15:39] (II) No input driver specified, ignoring this device.
[2026-10-03 12:15:39] (II) This device may have been added with another device file.
[2026-10-03 12:15:39] (II) config/udev: Adding input device HD-Audio Generic Front Headphone (/dev/input/event17)
[2026-10-03 12:15:39] (II) No input driver specified, ignoring this device.
[2026-10-03 12:15:39] (II) This device may have been added with another device file.
[2026-10-03 12:15:39] (II) config/udev: Adding input device Power Button (/dev/input/event1)
[2026-10-03 12:15:39] (**) Power Button: Applying InputClass "libinput keyboard catchall"
[2026-10-03 12:15:39] (**) Power Button: Applying InputClass "system-keyboard"
[2026-10-03 12:15:39] (II) Using input driver 'libinput' for 'Power Button'
[2026-10-03 12:15:39] (II) systemd-logind: got fd for /dev/input/event1 13:65 fd 33 paused 0
[2026-10-03 12:15:39] (**) Power Button: always reports core events
[2026-10-03 12:15:39] (**) Option "Device" "/dev/input/event1"
[2026-10-03 12:15:39] (II) event1  - Power Button: is tagged by udev as: Keyboard
[2026-10-03 12:15:39] (II) event1  - Power Button: device is a keyboard
[2026-10-03 12:15:39] (II) event1  - Power Button: device removed
[2026-10-03 12:15:39] (**) Option "config_info" "udev:/sys/devices/platform/LNXPWRBN:00/input/input1/event1"
[2026-10-03 12:15:39] (II) XINPUT: Adding extended input device "Power Button" (type: KEYBOARD, id 12)
[2026-10-03 12:15:39] (**) Option "xkb_layout" "us"
[2026-10-03 12:15:39] (**) Option "xkb_variant" "altgr-intl"
[2026-10-03 12:15:39] (II) event1  - Power Button: is tagged by udev as: Keyboard
[2026-10-03 12:15:39] (II) event1  - Power Button: device is a keyboard
[2026-10-03 12:15:39] (II) config/udev: Adding input device Power Button (/dev/input/event0)
[2026-10-03 12:15:39] (**) Power Button: Applying InputClass "libinput keyboard catchall"
[2026-10-03 12:15:39] (**) Power Button: Applying InputClass "system-keyboard"
[2026-10-03 12:15:39] (II) Using input driver 'libinput' for 'Power Button'
[2026-10-03 12:15:39] (II) systemd-logind: got fd for /dev/input/event0 13:64 fd 34 paused 0
[2026-10-03 12:15:39] (**) Power Button: always reports core events
[2026-10-03 12:15:39] (**) Option "Device" "/dev/input/event0"
[2026-10-03 12:15:39] (II) event0  - Power Button: is tagged by udev as: Keyboard
[2026-10-03 12:15:39] (II) event0  - Power Button: device is a keyboard
[2026-10-03 12:15:39] (II) event0  - Power Button: device removed
[2026-10-03 12:15:39] (**) Option "config_info" "udev:/sys/devices/platform/PNP0C0C:00/input/input0/event0"
[2026-10-03 12:15:39] (II) XINPUT: Adding extended input device "Power Button" (type: KEYBOARD, id 13)
[2026-10-03 12:15:39] (**) Option "xkb_layout" "us"
[2026-10-03 12:15:39] (**) Option "xkb_variant" "altgr-intl"
[2026-10-03 12:15:39] (II) event0  - Power Button: is tagged by udev as: Keyboard
[2026-10-03 12:15:39] (II) event0  - Power Button: device is a keyboard
[2026-10-03 12:15:39] (II) config/udev: Adding input device Eee PC WMI hotkeys (/dev/input/event11)
[2026-10-03 12:15:39] (**) Eee PC WMI hotkeys: Applying InputClass "libinput keyboard catchall"
[2026-10-03 12:15:39] (**) Eee PC WMI hotkeys: Applying InputClass "system-keyboard"
[2026-10-03 12:15:39] (II) Using input driver 'libinput' for 'Eee PC WMI hotkeys'
[2026-10-03 12:15:39] (II) systemd-logind: got fd for /dev/input/event11 13:75 fd 35 paused 0
[2026-10-03 12:15:39] (**) Eee PC WMI hotkeys: always reports core events
[2026-10-03 12:15:39] (**) Option "Device" "/dev/input/event11"
[2026-10-03 12:15:39] (II) event11 - Eee PC WMI hotkeys: is tagged by udev as: Keyboard
[2026-10-03 12:15:39] (II) event11 - Eee PC WMI hotkeys: device is a keyboard
[2026-10-03 12:15:39] (II) event11 - Eee PC WMI hotkeys: device removed
[2026-10-03 12:15:39] (**) Option "config_info" "udev:/sys/devices/platform/eeepc-wmi/input/input11/event11"
[2026-10-03 12:15:39] (II) XINPUT: Adding extended input device "Eee PC WMI hotkeys" (type: KEYBOARD, id 14)
[2026-10-03 12:15:39] (**) Option "xkb_layout" "us"
[2026-10-03 12:15:39] (**) Option "xkb_variant" "altgr-intl"
[2026-10-03 12:15:39] (II) event11 - Eee PC WMI hotkeys: is tagged by udev as: Keyboard
[2026-10-03 12:15:39] (II) event11 - Eee PC WMI hotkeys: device is a keyboard
[2026-10-03 12:15:39] (II) config/udev: Adding input device PC Speaker (/dev/input/event10)
[2026-10-03 12:15:39] (II) No input driver specified, ignoring this device.
[2026-10-03 12:15:39] (II) This device may have been added with another device file.
[2026-10-03 12:15:39] (II) Input(s) initialized
[2026-10-03 12:15:39] (**) Evision USB DEVICE Keyboard: Applying InputClass "libinput keyboard catchall"
[2026-10-03 12:15:39] (**) Evision USB DEVICE Keyboard: Applying InputClass "system-keyboard"
[2026-10-03 12:15:39] (II) Using input driver 'libinput' for 'Evision USB DEVICE Keyboard'
[2026-10-03 12:15:39] (II) systemd-logind: returning pre-existing fd for /dev/input/event7 13:71
[2026-10-03 12:15:39] (**) Evision USB DEVICE Keyboard: always reports core events
[2026-10-03 12:15:39] (**) Option "Device" "/dev/input/event7"
[2026-10-03 12:15:39] (II) libinput: Evision USB DEVICE Keyboard: is a virtual subdevice
[2026-10-03 12:15:39] (**) Option "config_info" "udev:/sys/devices/pci0000:00/0000:00:02.1/0000:01:00.0/usb1/1-4/1-4:1.1/0003:320F:5055.0005/input/input7/event7"
[2026-10-03 12:15:39] (II) XINPUT: Adding extended input device "Evision USB DEVICE Keyboard" (type: KEYBOARD, id 15)
[2026-10-03 12:15:39] (**) Option "xkb_layout" "us"
[2026-10-03 12:15:39] (**) Option "xkb_variant" "altgr-intl"
[2026-10-03 12:15:39] (**) Razer Razer DeathAdder Essential Keyboard: Applying InputClass "libinput keyboard catchall"
[2026-10-03 12:15:39] (**) Razer Razer DeathAdder Essential Keyboard: Applying InputClass "system-keyboard"
[2026-10-03 12:15:39] (II) Using input driver 'libinput' for 'Razer Razer DeathAdder Essential Keyboard'
[2026-10-03 12:15:39] (II) systemd-logind: returning pre-existing fd for /dev/input/event3 13:67
[2026-10-03 12:15:39] (**) Razer Razer DeathAdder Essential Keyboard: always reports core events
[2026-10-03 12:15:39] (**) Option "Device" "/dev/input/event3"
[2026-10-03 12:15:39] (II) libinput: Razer Razer DeathAdder Essential Keyboard: is a virtual subdevice
[2026-10-03 12:15:39] (**) Option "config_info" "udev:/sys/devices/pci0000:00/0000:00:08.1/0000:08:00.3/usb3/3-1/3-1:1.1/0003:1532:0098.0002/input/input3/event3"
[2026-10-03 12:15:39] (II) XINPUT: Adding extended input device "Razer Razer DeathAdder Essential Keyboard" (type: KEYBOARD, id 16)
[2026-10-03 12:15:39] (**) Option "xkb_layout" "us"
[2026-10-03 12:15:39] (**) Option "xkb_variant" "altgr-intl"
[2026-10-03 12:15:40] (II) modeset(0): Allocate new frame buffer 1920x1080 stride
[2026-10-03 12:15:40] (II) modeset(0): EDID vendor "SAM", prod id 3360
[2026-10-03 12:15:40] (II) modeset(0): Using EDID range info for horizontal sync
[2026-10-03 12:15:40] (II) modeset(0): Using EDID range info for vertical refresh
[2026-10-03 12:15:40] (II) modeset(0): Printing DDC gathered Modelines:
[2026-10-03 12:15:40] (II) modeset(0): Modeline "1920x1080"x0.00  148.50  1920 2008 2052 2200  1080 1084 1089 1125 +hsync +vsync (67.50 kHz eP)
[2026-10-03 12:15:40] (II) modeset(0): Modeline "1280x720"x0.00  74.25  1280 1720 1760 1980  720 725 730 750 +hsync +vsync (37.50 kHz e)
[2026-10-03 12:15:40] (II) modeset(0): Modeline "720x576"x0.00  27.00  720 732 796 864  576 581 586 625 -hsync -vsync (31.25 kHz e)
[2026-10-03 12:15:40] (II) modeset(0): Modeline "720x480"x0.00  27.00  720 736 798 858  480 489 495 525 -hsync -vsync (31.47 kHz e)
[2026-10-03 12:15:40] (II) modeset(0): Modeline "1280x720"x0.00  74.25  1280 1390 1430 1650  720 725 730 750 +hsync +vsync (45.00 kHz e)
[2026-10-03 12:15:40] (II) modeset(0): Modeline "1920x1080"x0.00  148.50  1920 2448 2492 2640  1080 1084 1089 1125 +hsync +vsync (56.25 kHz e)
[2026-10-03 12:15:40] (II) modeset(0): Modeline "800x600"x0.00  40.00  800 840 968 1056  600 601 605 628 +hsync +vsync (37.88 kHz e)
[2026-10-03 12:15:40] (II) modeset(0): Modeline "800x600"x0.00  36.00  800 824 896 1024  600 601 603 625 +hsync +vsync (35.16 kHz e)
[2026-10-03 12:15:40] (II) modeset(0): Modeline "640x480"x0.00  31.50  640 656 720 840  480 481 484 500 -hsync -vsync (37.50 kHz e)
[2026-10-03 12:15:40] (II) modeset(0): Modeline "640x480"x0.00  31.50  640 664 704 832  480 489 492 520 -hsync -vsync (37.86 kHz e)
[2026-10-03 12:15:40] (II) modeset(0): Modeline "640x480"x0.00  30.24  640 704 768 864  480 483 486 525 -hsync -vsync (35.00 kHz e)
[2026-10-03 12:15:40] (II) modeset(0): Modeline "640x480"x0.00  25.18  640 656 752 800  480 490 492 525 -hsync -vsync (31.47 kHz e)
[2026-10-03 12:15:40] (II) modeset(0): Modeline "720x400"x0.00  28.32  720 738 846 900  400 412 414 449 -hsync +vsync (31.47 kHz e)
[2026-10-03 12:15:40] (II) modeset(0): Modeline "1280x1024"x0.00  135.00  1280 1296 1440 1688  1024 1025 1028 1066 +hsync +vsync (79.98 kHz e)
[2026-10-03 12:15:40] (II) modeset(0): Modeline "1024x768"x0.00  78.75  1024 1040 1136 1312  768 769 772 800 +hsync +vsync (60.02 kHz e)
[2026-10-03 12:15:40] (II) modeset(0): Modeline "1024x768"x0.00  75.00  1024 1048 1184 1328  768 771 777 806 -hsync -vsync (56.48 kHz e)
[2026-10-03 12:15:40] (II) modeset(0): Modeline "1024x768"x0.00  65.00  1024 1048 1184 1344  768 771 777 806 -hsync -vsync (48.36 kHz e)
[2026-10-03 12:15:40] (II) modeset(0): Modeline "832x624"x0.00  57.28  832 864 928 1152  624 625 628 667 -hsync -vsync (49.73 kHz e)
[2026-10-03 12:15:40] (II) modeset(0): Modeline "800x600"x0.00  49.50  800 816 896 1056  600 601 604 625 +hsync +vsync (46.88 kHz e)
[2026-10-03 12:15:40] (II) modeset(0): Modeline "800x600"x0.00  50.00  800 856 976 1040  600 637 643 666 +hsync +vsync (48.08 kHz e)
[2026-10-03 12:15:40] (II) modeset(0): Modeline "1152x864"x0.00  108.00  1152 1216 1344 1600  864 865 868 900 +hsync +vsync (67.50 kHz e)
[2026-10-03 12:15:40] (II) modeset(0): Modeline "1280x800"x0.00  71.00  1280 1328 1360 1440  800 803 809 823 +hsync -vsync (49.31 kHz e)
[2026-10-03 12:15:40] (II) modeset(0): Modeline "1280x1024"x0.00  108.00  1280 1328 1440 1688  1024 1025 1028 1066 +hsync +vsync (63.98 kHz e)
[2026-10-03 12:15:40] (II) modeset(0): Modeline "1440x900"x0.00  88.75  1440 1488 1520 1600  900 903 909 926 +hsync -vsync (55.47 kHz e)
[2026-10-03 12:15:40] (II) modeset(0): Modeline "1600x900"x60.00  118.00  1600 1696 1864 2128  900 901 904 932 -hsync +vsync (55.92 kHz e)
[2026-10-03 12:15:40] (II) modeset(0): Modeline "1680x1050"x0.00  119.00  1680 1728 1760 1840  1050 1053 1059 1080 +hsync -vsync (64.67 kHz e)
[2026-10-03 12:15:40] (II) modeset(0): EDID vendor "SAM", prod id 3360
[2026-10-03 12:15:40] (II) modeset(0): Using hsync ranges from config file
[2026-10-03 12:15:40] (II) modeset(0): Using vrefresh ranges from config file
[2026-10-03 12:15:40] (II) modeset(0): Printing DDC gathered Modelines:
[2026-10-03 12:15:40] (II) modeset(0): Modeline "1920x1080"x0.00  148.50  1920 2008 2052 2200  1080 1084 1089 1125 +hsync +vsync (67.50 kHz eP)
[2026-10-03 12:15:40] (II) modeset(0): Modeline "1280x720"x0.00  74.25  1280 1720 1760 1980  720 725 730 750 +hsync +vsync (37.50 kHz e)
[2026-10-03 12:15:40] (II) modeset(0): Modeline "720x576"x0.00  27.00  720 732 796 864  576 581 586 625 -hsync -vsync (31.25 kHz e)
[2026-10-03 12:15:40] (II) modeset(0): Modeline "720x480"x0.00  27.00  720 736 798 858  480 489 495 525 -hsync -vsync (31.47 kHz e)
[2026-10-03 12:15:40] (II) modeset(0): Modeline "1280x720"x0.00  74.25  1280 1390 1430 1650  720 725 730 750 +hsync +vsync (45.00 kHz e)
[2026-10-03 12:15:40] (II) modeset(0): Modeline "1920x1080"x0.00  148.50  1920 2448 2492 2640  1080 1084 1089 1125 +hsync +vsync (56.25 kHz e)
[2026-10-03 12:15:40] (II) modeset(0): Modeline "800x600"x0.00  40.00  800 840 968 1056  600 601 605 628 +hsync +vsync (37.88 kHz e)
[2026-10-03 12:15:40] (II) modeset(0): Modeline "800x600"x0.00  36.00  800 824 896 1024  600 601 603 625 +hsync +vsync (35.16 kHz e)
[2026-10-03 12:15:40] (II) modeset(0): Modeline "640x480"x0.00  31.50  640 656 720 840  480 481 484 500 -hsync -vsync (37.50 kHz e)
[2026-10-03 12:15:40] (II) modeset(0): Modeline "640x480"x0.00  31.50  640 664 704 832  480 489 492 520 -hsync -vsync (37.86 kHz e)
[2026-10-03 12:15:40] (II) modeset(0): Modeline "640x480"x0.00  30.24  640 704 768 864  480 483 486 525 -hsync -vsync (35.00 kHz e)
[2026-10-03 12:15:40] (II) modeset(0): Modeline "640x480"x0.00  25.18  640 656 752 800  480 490 492 525 -hsync -vsync (31.47 kHz e)
[2026-10-03 12:15:40] (II) modeset(0): Modeline "720x400"x0.00  28.32  720 738 846 900  400 412 414 449 -hsync +vsync (31.47 kHz e)
[2026-10-03 12:15:40] (II) modeset(0): Modeline "1280x1024"x0.00  135.00  1280 1296 1440 1688  1024 1025 1028 1066 +hsync +vsync (79.98 kHz e)
[2026-10-03 12:15:40] (II) modeset(0): Modeline "1024x768"x0.00  78.75  1024 1040 1136 1312  768 769 772 800 +hsync +vsync (60.02 kHz e)
[2026-10-03 12:15:40] (II) modeset(0): Modeline "1024x768"x0.00  75.00  1024 1048 1184 1328  768 771 777 806 -hsync -vsync (56.48 kHz e)
[2026-10-03 12:15:40] (II) modeset(0): Modeline "1024x768"x0.00  65.00  1024 1048 1184 1344  768 771 777 806 -hsync -vsync (48.36 kHz e)
[2026-10-03 12:15:40] (II) modeset(0): Modeline "832x624"x0.00  57.28  832 864 928 1152  624 625 628 667 -hsync -vsync (49.73 kHz e)
[2026-10-03 12:15:40] (II) modeset(0): Modeline "800x600"x0.00  49.50  800 816 896 1056  600 601 604 625 +hsync +vsync (46.88 kHz e)
[2026-10-03 12:15:40] (II) modeset(0): Modeline "800x600"x0.00  50.00  800 856 976 1040  600 637 643 666 +hsync +vsync (48.08 kHz e)
[2026-10-03 12:15:40] (II) modeset(0): Modeline "1152x864"x0.00  108.00  1152 1216 1344 1600  864 865 868 900 +hsync +vsync (67.50 kHz e)
[2026-10-03 12:15:40] (II) modeset(0): Modeline "1280x800"x0.00  71.00  1280 1328 1360 1440  800 803 809 823 +hsync -vsync (49.31 kHz e)
[2026-10-03 12:15:40] (II) modeset(0): Modeline "1280x1024"x0.00  108.00  1280 1328 1440 1688  1024 1025 1028 1066 +hsync +vsync (63.98 kHz e)
[2026-10-03 12:15:40] (II) modeset(0): Modeline "1440x900"x0.00  88.75  1440 1488 1520 1600  900 903 909 926 +hsync -vsync (55.47 kHz e)
[2026-10-03 12:15:40] (II) modeset(0): Modeline "1600x900"x60.00  118.00  1600 1696 1864 2128  900 901 904 932 -hsync +vsync (55.92 kHz e)
[2026-10-03 12:15:40] (II) modeset(0): Modeline "1680x1050"x0.00  119.00  1680 1728 1760 1840  1050 1053 1059 1080 +hsync -vsync (64.67 kHz e)
