compust idle: PASS scene=idle seconds=20.001 completions=1 damage_events=1
compust small-update: PASS scene=small-update seconds=20.001 completions=1200 damage_events=1200
compust fullscreen-translucent: PASS scene=fullscreen-translucent seconds=20.001 completions=1200 damage_events=1200
compust fullscreen-translucent-blur: PASS scene=fullscreen-translucent seconds=20.001 completions=1200 damage_events=1200
compust eight-translucent: PASS scene=eight-translucent seconds=20.001 completions=1200 damage_events=1200
compust eight-translucent-blur: PASS scene=eight-translucent seconds=20.000 completions=1200 damage_events=1200
compust move-resize: PASS scene=move-resize seconds=20.001 completions=1200 damage_events=1200
compust open-close: PASS scene=open-close seconds=4.216 completions=253 damage_events=253
picom-xrender idle: PASS scene=idle seconds=20.001 completions=0 damage_events=0
picom-xrender small-update: PASS scene=small-update seconds=20.002 completions=1200 damage_events=1200
picom-xrender fullscreen-translucent: PASS scene=fullscreen-translucent seconds=20.001 completions=1200 damage_events=1200
picom-xrender fullscreen-translucent-blur: PASS scene=fullscreen-translucent seconds=20.000 completions=24 damage_events=24
picom-xrender eight-translucent: PASS scene=eight-translucent seconds=20.001 completions=1200 damage_events=1200
picom-xrender eight-translucent-blur: PASS scene=eight-translucent seconds=20.002 completions=93 damage_events=93
picom-xrender move-resize: PASS scene=move-resize seconds=20.001 completions=1200 damage_events=1200
picom-xrender open-close: PASS scene=open-close seconds=5.000 completions=300 damage_events=300
picom-glx idle: PASS scene=idle seconds=20.001 completions=0 damage_events=0
picom-glx small-update: PASS scene=small-update seconds=20.001 completions=1200 damage_events=1200
picom-glx fullscreen-translucent: PASS scene=fullscreen-translucent seconds=20.001 completions=1200 damage_events=1200
picom-glx fullscreen-translucent-blur: PASS scene=fullscreen-translucent seconds=20.001 completions=1200 damage_events=1200
picom-glx eight-translucent: PASS scene=eight-translucent seconds=20.000 completions=1200 damage_events=1200
picom-glx eight-translucent-blur: PASS scene=eight-translucent seconds=20.001 completions=1200 damage_events=1200
picom-glx move-resize: PASS scene=move-resize seconds=20.000 completions=1200 damage_events=1200
picom-glx open-close: PASS scene=open-close seconds=5.000 completions=300 damage_events=300
Benchmark report: <reports>/dual-1
