vendor=XLibre release=12501009 geometry=1920x1080 depth=24
READY: enter 'sample LABEL' after each monitor transition, then 'quit'
monitor=1920x1080+0+0 marker_pixels=PASS
ordinary_window_pixels=PASS
phase=idle seconds=3.000060 updates=0 completions=26 damage_events=26
phase=active seconds=3.000059 updates=180 completions=180 damage_events=180
PASS sample=1 label=single-start monitors=1
monitor=1920x1080+0+0 marker_pixels=PASS
monitor=1920x1080+1920+0 marker_pixels=PASS
seam=1888,88;1952,88 marker_pixels=PASS
ordinary_window_pixels=PASS
phase=idle seconds=3.000080 updates=0 completions=26 damage_events=26
phase=active seconds=3.000061 updates=180 completions=180 damage_events=180
PASS sample=2 label=dual-right monitors=2
monitor=1920x1080+0+0 marker_pixels=PASS
monitor=1920x1080+1920+0 marker_pixels=PASS
seam=1888,88;1952,88 marker_pixels=PASS
ordinary_window_pixels=PASS
phase=idle seconds=3.000061 updates=0 completions=21 damage_events=21
phase=active seconds=3.000059 updates=180 completions=180 damage_events=180
PASS sample=3 label=dual-blur4 monitors=2
monitor=1920x1080+0+0 marker_pixels=PASS
monitor=1920x1080+1920+0 marker_pixels=PASS
seam=1888,88;1952,88 marker_pixels=PASS
ordinary_window_pixels=PASS
phase=idle seconds=3.000057 updates=0 completions=15 damage_events=15
phase=active seconds=3.000060 updates=180 completions=180 damage_events=180
PASS sample=4 label=dual-invalid monitors=2
monitor=1920x1080+1920+0 marker_pixels=PASS
monitor=1920x1080+0+0 marker_pixels=PASS
seam=1888,88;1952,88 marker_pixels=PASS
ordinary_window_pixels=PASS
phase=idle seconds=3.000058 updates=0 completions=27 damage_events=27
phase=active seconds=3.000057 updates=180 completions=180 damage_events=180
PASS sample=5 label=dual-left monitors=2
monitor=1920x1080+1920+0 marker_pixels=PASS
monitor=1920x1080+0+0 marker_pixels=PASS
seam=1888,88;1952,88 marker_pixels=PASS
ordinary_window_pixels=PASS
phase=idle seconds=3.000168 updates=0 completions=20 damage_events=20
phase=active seconds=3.000063 updates=180 completions=180 damage_events=180
PASS sample=6 label=dual-left-blur16 monitors=2
monitor=1920x1080+0+0 marker_pixels=PASS
monitor=1920x1080+1920+0 marker_pixels=PASS
seam=1888,88;1952,88 marker_pixels=PASS
ordinary_window_pixels=PASS
phase=idle seconds=3.000058 updates=0 completions=34 damage_events=34
phase=active seconds=3.000061 updates=180 completions=180 damage_events=180
PASS sample=7 label=dual-right-blur0 monitors=2
