vendor=XLibre release=12501009 geometry=3840x1080 depth=24
READY: enter 'sample LABEL' after each monitor transition, then 'quit'
monitor=1920x1080+1920+0 marker_pixels=PASS
monitor=1920x1080+0+0 marker_pixels=PASS
seam=1888,88;1952,88 marker_pixels=PASS
ordinary_window_pixels=PASS
phase=idle seconds=3.000057 updates=0 completions=124 damage_events=124
phase=active seconds=3.000057 updates=180 completions=271 damage_events=271
PASS sample=1 label=dp-primary monitors=2
monitor=1920x1080+0+0 marker_pixels=PASS
monitor=1920x1080+1920+0 marker_pixels=PASS
seam=1888,88;1952,88 marker_pixels=PASS
ordinary_window_pixels=PASS
phase=idle seconds=3.000072 updates=0 completions=123 damage_events=123
phase=active seconds=3.000057 updates=180 completions=180 damage_events=180
PASS sample=2 label=hdmi-primary monitors=2
monitor=1920x1080+1920+0 marker_pixels=PASS
monitor=1920x1080+0+0 marker_pixels=PASS
seam=1888,88;1952,88 marker_pixels=PASS
ordinary_window_pixels=PASS
phase=idle seconds=3.000058 updates=0 completions=123 damage_events=123
phase=active seconds=3.000056 updates=180 completions=271 damage_events=271
PASS sample=3 label=dp-primary-restored monitors=2
